// Jest Snapshot v1, https://goo.gl/fbAQLP

exports[`testing button component renders button component 1`] = `
<button
  class=""
>
   
   
</button>
`;
