// Jest Snapshot v1, https://goo.gl/fbAQLP

exports[`Todoform Component Snapshot test 1`] = `
<header
  class="header"
>
  <h1>
    todos
  </h1>
  <input
    class="new-todo"
    placeholder="What needs to be done?"
    value=""
  />
  <p>
    Test Child
  </p>
</header>
`;
