// Jest Snapshot v1, https://goo.gl/fbAQLP

exports[`test Badge component create snapshot 1`] = `
<span
  class="badge"
  title="I am a text"
>
  I am a text
</span>
`;
